0 verbose cli /opt/homebrew/Cellar/node/25.8.1_1/bin/node /opt/homebrew/bin/npm
1 info using npm@11.11.0
2 info using node@v25.8.1
3 silly config load:file:/opt/homebrew/lib/node_modules/npm/npmrc
4 silly config load:file:/Users/josephstewart/Documents/JLPolicyConsulting/.npmrc
5 silly config load:file:/Users/josephstewart/.npmrc
6 silly config load:file:/opt/homebrew/etc/npmrc
7 verbose title npm audit
8 verbose argv "audit" "--omit" "dev"
9 verbose logfile logs-max:10 dir:/Users/josephstewart/Documents/JLPolicyConsulting/.npm-cache/_logs/2026-03-30T11_53_28_090Z-
10 verbose logfile /Users/josephstewart/Documents/JLPolicyConsulting/.npm-cache/_logs/2026-03-30T11_53_28_090Z-debug-0.log
11 silly logfile done cleaning log files
12 silly packumentCache heap:4496293888 maxSize:1124073472 maxEntrySize:562036736
13 silly audit bulk request {
13 silly audit   '@babel/code-frame': [ '7.29.0' ],
13 silly audit   '@babel/helper-validator-identifier': [ '7.28.5' ],
13 silly audit   '@emnapi/runtime': [ '1.9.0' ],
13 silly audit   '@img/colour': [ '1.1.0' ],
13 silly audit   '@img/sharp-darwin-arm64': [ '0.34.5' ],
13 silly audit   '@img/sharp-darwin-x64': [ '0.34.5' ],
13 silly audit   '@img/sharp-libvips-darwin-arm64': [ '1.2.4' ],
13 silly audit   '@img/sharp-libvips-darwin-x64': [ '1.2.4' ],
13 silly audit   '@img/sharp-libvips-linux-arm': [ '1.2.4' ],
13 silly audit   '@img/sharp-libvips-linux-arm64': [ '1.2.4' ],
13 silly audit   '@img/sharp-libvips-linux-ppc64': [ '1.2.4' ],
13 silly audit   '@img/sharp-libvips-linux-riscv64': [ '1.2.4' ],
13 silly audit   '@img/sharp-libvips-linux-s390x': [ '1.2.4' ],
13 silly audit   '@img/sharp-libvips-linux-x64': [ '1.2.4' ],
13 silly audit   '@img/sharp-libvips-linuxmusl-arm64': [ '1.2.4' ],
13 silly audit   '@img/sharp-libvips-linuxmusl-x64': [ '1.2.4' ],
13 silly audit   '@img/sharp-linux-arm': [ '0.34.5' ],
13 silly audit   '@img/sharp-linux-arm64': [ '0.34.5' ],
13 silly audit   '@img/sharp-linux-ppc64': [ '0.34.5' ],
13 silly audit   '@img/sharp-linux-riscv64': [ '0.34.5' ],
13 silly audit   '@img/sharp-linux-s390x': [ '0.34.5' ],
13 silly audit   '@img/sharp-linux-x64': [ '0.34.5' ],
13 silly audit   '@img/sharp-linuxmusl-arm64': [ '0.34.5' ],
13 silly audit   '@img/sharp-linuxmusl-x64': [ '0.34.5' ],
13 silly audit   '@img/sharp-wasm32': [ '0.34.5' ],
13 silly audit   '@img/sharp-win32-arm64': [ '0.34.5' ],
13 silly audit   '@img/sharp-win32-ia32': [ '0.34.5' ],
13 silly audit   '@img/sharp-win32-x64': [ '0.34.5' ],
13 silly audit   '@mdx-js/mdx': [ '3.1.1' ],
13 silly audit   '@mdx-js/react': [ '3.1.1' ],
13 silly audit   '@next/env': [ '16.1.7' ],
13 silly audit   '@next/swc-darwin-arm64': [ '16.1.7' ],
13 silly audit   '@next/swc-darwin-x64': [ '16.1.7' ],
13 silly audit   '@next/swc-linux-arm64-gnu': [ '16.1.7' ],
13 silly audit   '@next/swc-linux-arm64-musl': [ '16.1.7' ],
13 silly audit   '@next/swc-linux-x64-gnu': [ '16.1.7' ],
13 silly audit   '@next/swc-linux-x64-musl': [ '16.1.7' ],
13 silly audit   '@next/swc-win32-arm64-msvc': [ '16.1.7' ],
13 silly audit   '@next/swc-win32-x64-msvc': [ '16.1.7' ],
13 silly audit   '@swc/helpers': [ '0.5.15' ],
13 silly audit   '@types/debug': [ '4.1.12' ],
13 silly audit   '@types/estree': [ '1.0.8' ],
13 silly audit   '@types/estree-jsx': [ '1.0.5' ],
13 silly audit   '@types/hast': [ '3.0.4' ],
13 silly audit   '@types/mdast': [ '4.0.4' ],
13 silly audit   '@types/mdx': [ '2.0.13' ],
13 silly audit   '@types/ms': [ '2.1.0' ],
13 silly audit   '@types/react': [ '19.2.14' ],
13 silly audit   '@types/unist': [ '3.0.3', '2.0.11' ],
13 silly audit   semver: [ '7.7.4' ],
13 silly audit   '@ungap/structured-clone': [ '1.3.0' ],
13 silly audit   acorn: [ '8.16.0' ],
13 silly audit   'acorn-jsx': [ '5.3.2' ],
13 silly audit   argparse: [ '1.0.10' ],
13 silly audit   astring: [ '1.9.0' ],
13 silly audit   bail: [ '2.0.2' ],
13 silly audit   'baseline-browser-mapping': [ '2.10.8' ],
13 silly audit   'caniuse-lite': [ '1.0.30001780' ],
13 silly audit   ccount: [ '2.0.1' ],
13 silly audit   'character-entities': [ '2.0.2' ],
13 silly audit   'character-entities-html4': [ '2.1.0' ],
13 silly audit   'character-entities-legacy': [ '3.0.0' ],
13 silly audit   'character-reference-invalid': [ '2.0.1' ],
13 silly audit   'client-only': [ '0.0.1' ],
13 silly audit   'collapse-white-space': [ '2.1.0' ],
13 silly audit   'comma-separated-tokens': [ '2.0.3' ],
13 silly audit   csstype: [ '3.2.3' ],
13 silly audit   debug: [ '4.4.3' ],
13 silly audit   'decode-named-character-reference': [ '1.3.0' ],
13 silly audit   dequal: [ '2.0.3' ],
13 silly audit   'detect-libc': [ '2.1.2' ],
13 silly audit   devlop: [ '1.1.0' ],
13 silly audit   'esast-util-from-estree': [ '2.0.0' ],
13 silly audit   'esast-util-from-js': [ '2.0.1' ],
13 silly audit   'escape-string-regexp': [ '5.0.0' ],
13 silly audit   esprima: [ '4.0.1' ],
13 silly audit   'estree-util-attach-comments': [ '3.0.0' ],
13 silly audit   'estree-util-build-jsx': [ '3.0.1' ],
13 silly audit   'estree-util-is-identifier-name': [ '3.0.0' ],
13 silly audit   'estree-util-scope': [ '1.0.0' ],
13 silly audit   'estree-util-to-js': [ '2.0.0' ],
13 silly audit   'estree-util-visit': [ '2.0.0' ],
13 silly audit   'estree-walker': [ '3.0.3' ],
13 silly audit   extend: [ '3.0.2' ],
13 silly audit   'extend-shallow': [ '2.0.1' ],
13 silly audit   'gray-matter': [ '4.0.3' ],
13 silly audit   'js-yaml': [ '3.14.2' ],
13 silly audit   'hast-util-sanitize': [ '5.0.2' ],
13 silly audit   'hast-util-to-estree': [ '3.1.3' ],
13 silly audit   'hast-util-to-jsx-runtime': [ '2.3.6' ],
13 silly audit   'hast-util-whitespace': [ '3.0.0' ],
13 silly audit   'inline-style-parser': [ '0.2.7' ],
13 silly audit   'is-alphabetical': [ '2.0.1' ],
13 silly audit   'is-alphanumerical': [ '2.0.1' ],
13 silly audit   'is-decimal': [ '2.0.1' ],
13 silly audit   'is-extendable': [ '0.1.1' ],
13 silly audit   'is-hexadecimal': [ '2.0.1' ],
13 silly audit   'is-plain-obj': [ '4.1.0' ],
13 silly audit   'js-tokens': [ '4.0.0' ],
13 silly audit   'kind-of': [ '6.0.3' ],
13 silly audit   'longest-streak': [ '3.1.0' ],
13 silly audit   'markdown-extensions': [ '2.0.0' ],
13 silly audit   'markdown-table': [ '3.0.4' ],
13 silly audit   'mdast-util-find-and-replace': [ '3.0.2' ],
13 silly audit   'mdast-util-from-markdown': [ '2.0.3' ],
13 silly audit   'mdast-util-gfm': [ '3.1.0' ],
13 silly audit   'mdast-util-gfm-autolink-literal': [ '2.0.1' ],
13 silly audit   'mdast-util-gfm-footnote': [ '2.1.0' ],
13 silly audit   'mdast-util-gfm-strikethrough': [ '2.0.0' ],
13 silly audit   'mdast-util-gfm-table': [ '2.0.0' ],
13 silly audit   'mdast-util-gfm-task-list-item': [ '2.0.0' ],
13 silly audit   'mdast-util-mdx': [ '3.0.0' ],
13 silly audit   'mdast-util-mdx-expression': [ '2.0.1' ],
13 silly audit   'mdast-util-mdx-jsx': [ '3.2.0' ],
13 silly audit   'mdast-util-mdxjs-esm': [ '2.0.1' ],
13 silly audit   'mdast-util-phrasing': [ '4.1.0' ],
13 silly audit   'mdast-util-to-hast': [ '13.2.1' ],
13 silly audit   'mdast-util-to-markdown': [ '2.1.2' ],
13 silly audit   'mdast-util-to-string': [ '4.0.0' ],
13 silly audit   micromark: [ '4.0.2' ],
13 silly audit   'micromark-core-commonmark': [ '2.0.3' ],
13 silly audit   'micromark-extension-gfm': [ '3.0.0' ],
13 silly audit   'micromark-extension-gfm-autolink-literal': [ '2.1.0' ],
13 silly audit   'micromark-extension-gfm-footnote': [ '2.1.0' ],
13 silly audit   'micromark-extension-gfm-strikethrough': [ '2.1.0' ],
13 silly audit   'micromark-extension-gfm-table': [ '2.1.1' ],
13 silly audit   'micromark-extension-gfm-tagfilter': [ '2.0.0' ],
13 silly audit   'micromark-extension-gfm-task-list-item': [ '2.1.0' ],
13 silly audit   'micromark-extension-mdx-expression': [ '3.0.1' ],
13 silly audit   'micromark-extension-mdx-jsx': [ '3.0.2' ],
13 silly audit   'micromark-extension-mdx-md': [ '2.0.0' ],
13 silly audit   'micromark-extension-mdxjs': [ '3.0.0' ],
13 silly audit   'micromark-extension-mdxjs-esm': [ '3.0.0' ],
13 silly audit   'micromark-factory-destination': [ '2.0.1' ],
13 silly audit   'micromark-factory-label': [ '2.0.1' ],
13 silly audit   'micromark-factory-mdx-expression': [ '2.0.3' ],
13 silly audit   'micromark-factory-space': [ '2.0.1' ],
13 silly audit   'micromark-factory-title': [ '2.0.1' ],
13 silly audit   'micromark-factory-whitespace': [ '2.0.1' ],
13 silly audit   'micromark-util-character': [ '2.1.1' ],
13 silly audit   'micromark-util-chunked': [ '2.0.1' ],
13 silly audit   'micromark-util-classify-character': [ '2.0.1' ],
13 silly audit   'micromark-util-combine-extensions': [ '2.0.1' ],
13 silly audit   'micromark-util-decode-numeric-character-reference': [ '2.0.2' ],
13 silly audit   'micromark-util-decode-string': [ '2.0.1' ],
13 silly audit   'micromark-util-encode': [ '2.0.1' ],
13 silly audit   'micromark-util-events-to-acorn': [ '2.0.3' ],
13 silly audit   'micromark-util-html-tag-name': [ '2.0.1' ],
13 silly audit   'micromark-util-normalize-identifier': [ '2.0.1' ],
13 silly audit   'micromark-util-resolve-all': [ '2.0.1' ],
13 silly audit   'micromark-util-sanitize-uri': [ '2.0.1' ],
13 silly audit   'micromark-util-subtokenize': [ '2.1.0' ],
13 silly audit   'micromark-util-symbol': [ '2.0.1' ],
13 silly audit   'micromark-util-types': [ '2.0.2' ],
13 silly audit   ms: [ '2.1.3' ],
13 silly audit   nanoid: [ '3.3.11' ],
13 silly audit   next: [ '16.1.7' ],
13 silly audit   'next-mdx-remote': [ '6.0.0' ],
13 silly audit   postcss: [ '8.4.31' ],
13 silly audit   'parse-entities': [ '4.0.2' ],
13 silly audit   picocolors: [ '1.1.1' ],
13 silly audit   'property-information': [ '7.1.0' ],
13 silly audit   react: [ '19.2.3' ],
13 silly audit   'react-dom': [ '19.2.3' ],
13 silly audit   'reading-time': [ '1.5.0' ],
13 silly audit   'recma-build-jsx': [ '1.0.0' ],
13 silly audit   'recma-jsx': [ '1.0.1' ],
13 silly audit   'recma-parse': [ '1.0.0' ],
13 silly audit   'recma-stringify': [ '1.0.0' ],
13 silly audit   'rehype-recma': [ '1.0.0' ],
13 silly audit   'rehype-sanitize': [ '6.0.0' ],
13 silly audit   'remark-gfm': [ '4.0.1' ],
13 silly audit   'remark-mdx': [ '3.1.1' ],
13 silly audit   'remark-parse': [ '11.0.0' ],
13 silly audit   'remark-rehype': [ '11.1.2' ],
13 silly audit   'remark-stringify': [ '11.0.0' ],
13 silly audit   scheduler: [ '0.27.0' ],
13 silly audit   'section-matter': [ '1.0.0' ],
13 silly audit   sharp: [ '0.34.5' ],
13 silly audit   'source-map': [ '0.7.6' ],
13 silly audit   'source-map-js': [ '1.2.1' ],
13 silly audit   'space-separated-tokens': [ '2.0.2' ],
13 silly audit   'sprintf-js': [ '1.0.3' ],
13 silly audit   'stringify-entities': [ '4.0.4' ],
13 silly audit   'strip-bom-string': [ '1.0.0' ],
13 silly audit   'style-to-js': [ '1.1.21' ],
13 silly audit   'style-to-object': [ '1.0.14' ],
13 silly audit   'styled-jsx': [ '5.1.6' ],
13 silly audit   'trim-lines': [ '3.0.1' ],
13 silly audit   trough: [ '2.2.0' ],
13 silly audit   tslib: [ '2.8.1' ],
13 silly audit   unified: [ '11.0.5' ],
13 silly audit   'unist-util-is': [ '6.0.1' ],
13 silly audit   'unist-util-position': [ '5.0.0' ],
13 silly audit   'unist-util-position-from-estree': [ '2.0.0' ],
13 silly audit   'unist-util-remove': [ '4.0.0' ],
13 silly audit   'unist-util-stringify-position': [ '4.0.0' ],
13 silly audit   'unist-util-visit': [ '5.1.0' ],
13 silly audit   'unist-util-visit-parents': [ '6.0.2' ],
13 silly audit   vfile: [ '6.0.3' ],
13 silly audit   'vfile-matter': [ '5.0.1' ],
13 silly audit   'vfile-message': [ '4.0.3' ],
13 silly audit   yaml: [ '2.8.3' ],
13 silly audit   zwitch: [ '2.0.4' ]
13 silly audit }
14 http fetch POST 200 https://registry.npmjs.org/-/npm/v1/security/advisories/bulk 258ms
15 silly audit report {}
16 verbose cwd /Users/josephstewart/Documents/JLPolicyConsulting
17 verbose os Darwin 25.4.0
18 verbose node v25.8.1
19 verbose npm  v11.11.0
20 verbose exit 0
21 info ok
