0 verbose cli /opt/homebrew/Cellar/node/25.8.1_1/bin/node /opt/homebrew/bin/npm
1 info using npm@11.11.0
2 info using node@v25.8.1
3 silly config load:file:/opt/homebrew/lib/node_modules/npm/npmrc
4 silly config load:file:/Users/josephstewart/Documents/JLPolicyConsulting/.npmrc
5 silly config load:file:/Users/josephstewart/.npmrc
6 silly config load:file:/opt/homebrew/etc/npmrc
7 verbose title npm install
8 verbose argv "install"
9 verbose logfile logs-max:10 dir:/Users/josephstewart/Documents/JLPolicyConsulting/.npm-cache/_logs/2026-03-30T11_47_47_730Z-
10 verbose logfile /Users/josephstewart/Documents/JLPolicyConsulting/.npm-cache/_logs/2026-03-30T11_47_47_730Z-debug-0.log
11 silly logfile done cleaning log files
12 silly packumentCache heap:4496293888 maxSize:1124073472 maxEntrySize:562036736
13 silly idealTree buildDeps
14 silly fetch manifest yaml@2.8.3
15 silly packumentCache full:https://registry.npmjs.org/yaml cache-miss
16 verbose shrinkwrap failed to load node_modules/.package-lock.json missing from lockfile: node_modules/ajv
17 http cache https://registry.npmjs.org/yaml 13ms (cache hit)
18 silly packumentCache full:https://registry.npmjs.org/yaml set size:375230 disposed:false
19 silly placeDep ROOT yaml@2.8.3 REPLACE for: vfile-matter@5.0.1 want: 2.8.3
20 silly reify mark retired [
20 silly reify   '/Users/josephstewart/Documents/JLPolicyConsulting/node_modules/yaml',
20 silly reify   '/Users/josephstewart/Documents/JLPolicyConsulting/node_modules/.bin/yaml'
20 silly reify ]
21 silly reify moves {
21 silly reify   '/Users/josephstewart/Documents/JLPolicyConsulting/node_modules/yaml': '/Users/josephstewart/Documents/JLPolicyConsulting/node_modules/.yaml-Ek5Gd6GB',
21 silly reify   '/Users/josephstewart/Documents/JLPolicyConsulting/node_modules/.bin/yaml': '/Users/josephstewart/Documents/JLPolicyConsulting/node_modules/.bin/.yaml-tddF0gfT'
21 silly reify }
22 silly audit bulk request {
22 silly audit   '@alloc/quick-lru': [ '5.2.0' ],
22 silly audit   '@babel/code-frame': [ '7.29.0' ],
22 silly audit   '@babel/compat-data': [ '7.29.0' ],
22 silly audit   '@babel/core': [ '7.29.0' ],
22 silly audit   '@babel/generator': [ '7.29.1' ],
22 silly audit   '@babel/helper-compilation-targets': [ '7.28.6' ],
22 silly audit   '@babel/helper-globals': [ '7.28.0' ],
22 silly audit   '@babel/helper-module-imports': [ '7.28.6' ],
22 silly audit   '@babel/helper-module-transforms': [ '7.28.6' ],
22 silly audit   '@babel/helper-string-parser': [ '7.27.1' ],
22 silly audit   '@babel/helper-validator-identifier': [ '7.28.5' ],
22 silly audit   '@babel/helper-validator-option': [ '7.27.1' ],
22 silly audit   '@babel/helpers': [ '7.29.2' ],
22 silly audit   '@babel/parser': [ '7.29.2' ],
22 silly audit   '@babel/template': [ '7.28.6' ],
22 silly audit   '@babel/traverse': [ '7.29.0' ],
22 silly audit   '@babel/types': [ '7.29.0' ],
22 silly audit   '@emnapi/core': [ '1.9.0' ],
22 silly audit   '@emnapi/runtime': [ '1.9.0' ],
22 silly audit   '@emnapi/wasi-threads': [ '1.2.0' ],
22 silly audit   '@esbuild/aix-ppc64': [ '0.27.4' ],
22 silly audit   '@esbuild/android-arm': [ '0.27.4' ],
22 silly audit   '@esbuild/android-arm64': [ '0.27.4' ],
22 silly audit   '@esbuild/android-x64': [ '0.27.4' ],
22 silly audit   '@esbuild/darwin-arm64': [ '0.27.4' ],
22 silly audit   '@esbuild/darwin-x64': [ '0.27.4' ],
22 silly audit   '@esbuild/freebsd-arm64': [ '0.27.4' ],
22 silly audit   '@esbuild/freebsd-x64': [ '0.27.4' ],
22 silly audit   '@esbuild/linux-arm': [ '0.27.4' ],
22 silly audit   '@esbuild/linux-arm64': [ '0.27.4' ],
22 silly audit   '@esbuild/linux-ia32': [ '0.27.4' ],
22 silly audit   '@esbuild/linux-loong64': [ '0.27.4' ],
22 silly audit   '@esbuild/linux-mips64el': [ '0.27.4' ],
22 silly audit   '@esbuild/linux-ppc64': [ '0.27.4' ],
22 silly audit   '@esbuild/linux-riscv64': [ '0.27.4' ],
22 silly audit   '@esbuild/linux-s390x': [ '0.27.4' ],
22 silly audit   '@esbuild/linux-x64': [ '0.27.4' ],
22 silly audit   '@esbuild/netbsd-arm64': [ '0.27.4' ],
22 silly audit   '@esbuild/netbsd-x64': [ '0.27.4' ],
22 silly audit   '@esbuild/openbsd-arm64': [ '0.27.4' ],
22 silly audit   '@esbuild/openbsd-x64': [ '0.27.4' ],
22 silly audit   '@esbuild/openharmony-arm64': [ '0.27.4' ],
22 silly audit   '@esbuild/sunos-x64': [ '0.27.4' ],
22 silly audit   '@esbuild/win32-arm64': [ '0.27.4' ],
22 silly audit   '@esbuild/win32-ia32': [ '0.27.4' ],
22 silly audit   '@esbuild/win32-x64': [ '0.27.4' ],
22 silly audit   '@eslint-community/eslint-utils': [ '4.9.1' ],
22 silly audit   'eslint-visitor-keys': [ '3.4.3', '5.0.1', '4.2.1' ],
22 silly audit   '@eslint-community/regexpp': [ '4.12.2' ],
22 silly audit   '@eslint/config-array': [ '0.21.2' ],
22 silly audit   '@eslint/config-helpers': [ '0.4.2' ],
22 silly audit   '@eslint/core': [ '0.17.0' ],
22 silly audit   '@eslint/eslintrc': [ '3.3.5' ],
22 silly audit   '@eslint/js': [ '9.39.4' ],
22 silly audit   '@eslint/object-schema': [ '2.1.7' ],
22 silly audit   '@eslint/plugin-kit': [ '0.4.1' ],
22 silly audit   '@humanfs/core': [ '0.19.1' ],
22 silly audit   '@humanfs/node': [ '0.16.7' ],
22 silly audit   '@humanwhocodes/module-importer': [ '1.0.1' ],
22 silly audit   '@humanwhocodes/retry': [ '0.4.3' ],
22 silly audit   '@img/colour': [ '1.1.0' ],
22 silly audit   '@img/sharp-darwin-arm64': [ '0.34.5' ],
22 silly audit   '@img/sharp-darwin-x64': [ '0.34.5' ],
22 silly audit   '@img/sharp-libvips-darwin-arm64': [ '1.2.4' ],
22 silly audit   '@img/sharp-libvips-darwin-x64': [ '1.2.4' ],
22 silly audit   '@img/sharp-libvips-linux-arm': [ '1.2.4' ],
22 silly audit   '@img/sharp-libvips-linux-arm64': [ '1.2.4' ],
22 silly audit   '@img/sharp-libvips-linux-ppc64': [ '1.2.4' ],
22 silly audit   '@img/sharp-libvips-linux-riscv64': [ '1.2.4' ],
22 silly audit   '@img/sharp-libvips-linux-s390x': [ '1.2.4' ],
22 silly audit   '@img/sharp-libvips-linux-x64': [ '1.2.4' ],
22 silly audit   '@img/sharp-libvips-linuxmusl-arm64': [ '1.2.4' ],
22 silly audit   '@img/sharp-libvips-linuxmusl-x64': [ '1.2.4' ],
22 silly audit   '@img/sharp-linux-arm': [ '0.34.5' ],
22 silly audit   '@img/sharp-linux-arm64': [ '0.34.5' ],
22 silly audit   '@img/sharp-linux-ppc64': [ '0.34.5' ],
22 silly audit   '@img/sharp-linux-riscv64': [ '0.34.5' ],
22 silly audit   '@img/sharp-linux-s390x': [ '0.34.5' ],
22 silly audit   '@img/sharp-linux-x64': [ '0.34.5' ],
22 silly audit   '@img/sharp-linuxmusl-arm64': [ '0.34.5' ],
22 silly audit   '@img/sharp-linuxmusl-x64': [ '0.34.5' ],
22 silly audit   '@img/sharp-wasm32': [ '0.34.5' ],
22 silly audit   '@img/sharp-win32-arm64': [ '0.34.5' ],
22 silly audit   '@img/sharp-win32-ia32': [ '0.34.5' ],
22 silly audit   '@img/sharp-win32-x64': [ '0.34.5' ],
22 silly audit   '@jridgewell/gen-mapping': [ '0.3.13' ],
22 silly audit   '@jridgewell/remapping': [ '2.3.5' ],
22 silly audit   '@jridgewell/resolve-uri': [ '3.1.2' ],
22 silly audit   '@jridgewell/sourcemap-codec': [ '1.5.5' ],
22 silly audit   '@jridgewell/trace-mapping': [ '0.3.31' ],
22 silly audit   '@mdx-js/mdx': [ '3.1.1' ],
22 silly audit   '@mdx-js/react': [ '3.1.1' ],
22 silly audit   '@napi-rs/wasm-runtime': [ '0.2.12' ],
22 silly audit   '@next/env': [ '16.1.7' ],
22 silly audit   '@next/eslint-plugin-next': [ '16.1.7' ],
22 silly audit   '@next/swc-darwin-arm64': [ '16.1.7' ],
22 silly audit   '@next/swc-darwin-x64': [ '16.1.7' ],
22 silly audit   '@next/swc-linux-arm64-gnu': [ '16.1.7' ],
22 silly audit   '@next/swc-linux-arm64-musl': [ '16.1.7' ],
22 silly audit   '@next/swc-linux-x64-gnu': [ '16.1.7' ],
22 silly audit   '@next/swc-linux-x64-musl': [ '16.1.7' ],
22 silly audit   '@next/swc-win32-arm64-msvc': [ '16.1.7' ],
22 silly audit   '@next/swc-win32-x64-msvc': [ '16.1.7' ],
22 silly audit   '@nodelib/fs.scandir': [ '2.1.5' ],
22 silly audit   '@nodelib/fs.stat': [ '2.0.5' ],
22 silly audit   '@nodelib/fs.walk': [ '1.2.8' ],
22 silly audit   '@nolyfill/is-core-module': [ '1.0.39' ],
22 silly audit   '@rollup/rollup-android-arm-eabi': [ '4.59.1' ],
22 silly audit   '@rollup/rollup-android-arm64': [ '4.59.1' ],
22 silly audit   '@rollup/rollup-darwin-arm64': [ '4.59.1' ],
22 silly audit   '@rollup/rollup-darwin-x64': [ '4.59.1' ],
22 silly audit   '@rollup/rollup-freebsd-arm64': [ '4.59.1' ],
22 silly audit   '@rollup/rollup-freebsd-x64': [ '4.59.1' ],
22 silly audit   '@rollup/rollup-linux-arm-gnueabihf': [ '4.59.1' ],
22 silly audit   '@rollup/rollup-linux-arm-musleabihf': [ '4.59.1' ],
22 silly audit   '@rollup/rollup-linux-arm64-gnu': [ '4.59.1' ],
22 silly audit   '@rollup/rollup-linux-arm64-musl': [ '4.59.1' ],
22 silly audit   '@rollup/rollup-linux-loong64-gnu': [ '4.59.1' ],
22 silly audit   '@rollup/rollup-linux-loong64-musl': [ '4.59.1' ],
22 silly audit   '@rollup/rollup-linux-ppc64-gnu': [ '4.59.1' ],
22 silly audit   '@rollup/rollup-linux-ppc64-musl': [ '4.59.1' ],
22 silly audit   '@rollup/rollup-linux-riscv64-gnu': [ '4.59.1' ],
22 silly audit   '@rollup/rollup-linux-riscv64-musl': [ '4.59.1' ],
22 silly audit   '@rollup/rollup-linux-s390x-gnu': [ '4.59.1' ],
22 silly audit   '@rollup/rollup-linux-x64-gnu': [ '4.59.1' ],
22 silly audit   '@rollup/rollup-linux-x64-musl': [ '4.59.1' ],
22 silly audit   '@rollup/rollup-openbsd-x64': [ '4.59.1' ],
22 silly audit   '@rollup/rollup-openharmony-arm64': [ '4.59.1' ],
22 silly audit   '@rollup/rollup-win32-arm64-msvc': [ '4.59.1' ],
22 silly audit   '@rollup/rollup-win32-ia32-msvc': [ '4.59.1' ],
22 silly audit   '@rollup/rollup-win32-x64-gnu': [ '4.59.1' ],
22 silly audit   '@rollup/rollup-win32-x64-msvc': [ '4.59.1' ],
22 silly audit   '@rtsao/scc': [ '1.1.0' ],
22 silly audit   '@swc/helpers': [ '0.5.15' ],
22 silly audit   '@tailwindcss/node': [ '4.2.1' ],
22 silly audit   '@tailwindcss/oxide': [ '4.2.1' ],
22 silly audit   '@tailwindcss/oxide-android-arm64': [ '4.2.1' ],
22 silly audit   '@tailwindcss/oxide-darwin-arm64': [ '4.2.1' ],
22 silly audit   '@tailwindcss/oxide-darwin-x64': [ '4.2.1' ],
22 silly audit   '@tailwindcss/oxide-freebsd-x64': [ '4.2.1' ],
22 silly audit   '@tailwindcss/oxide-linux-arm-gnueabihf': [ '4.2.1' ],
22 silly audit   '@tailwindcss/oxide-linux-arm64-gnu': [ '4.2.1' ],
22 silly audit   '@tailwindcss/oxide-linux-arm64-musl': [ '4.2.1' ],
22 silly audit   '@tailwindcss/oxide-linux-x64-gnu': [ '4.2.1' ],
22 silly audit   '@tailwindcss/oxide-linux-x64-musl': [ '4.2.1' ],
22 silly audit   '@tailwindcss/oxide-wasm32-wasi': [ '4.2.1' ],
22 silly audit   '@tailwindcss/oxide-win32-arm64-msvc': [ '4.2.1' ],
22 silly audit   '@tailwindcss/oxide-win32-x64-msvc': [ '4.2.1' ],
22 silly audit   '@tailwindcss/postcss': [ '4.2.1' ],
22 silly audit   '@tybys/wasm-util': [ '0.10.1' ],
22 silly audit   '@types/chai': [ '5.2.3' ],
22 silly audit   '@types/debug': [ '4.1.12' ],
22 silly audit   '@types/deep-eql': [ '4.0.2' ],
22 silly audit   '@types/estree': [ '1.0.8' ],
22 silly audit   '@types/estree-jsx': [ '1.0.5' ],
22 silly audit   '@types/hast': [ '3.0.4' ],
22 silly audit   '@types/json-schema': [ '7.0.15' ],
22 silly audit   '@types/json5': [ '0.0.29' ],
22 silly audit   '@types/mdast': [ '4.0.4' ],
22 silly audit   '@types/mdx': [ '2.0.13' ],
22 silly audit   '@types/ms': [ '2.1.0' ],
22 silly audit   '@types/node': [ '20.19.37' ],
22 silly audit   '@types/react': [ '19.2.14' ],
22 silly audit   '@types/react-dom': [ '19.2.3' ],
22 silly audit   '@types/unist': [ '3.0.3', '2.0.11' ],
22 silly audit   '@typescript-eslint/eslint-plugin': [ '8.57.1' ],
22 silly audit   ignore: [ '7.0.5', '5.3.2' ],
22 silly audit   '@typescript-eslint/parser': [ '8.57.1' ],
22 silly audit   '@typescript-eslint/project-service': [ '8.57.1' ],
22 silly audit   '@typescript-eslint/scope-manager': [ '8.57.1' ],
22 silly audit   '@typescript-eslint/tsconfig-utils': [ '8.57.1' ],
22 silly audit   '@typescript-eslint/type-utils': [ '8.57.1' ],
22 silly audit   '@typescript-eslint/types': [ '8.57.1' ],
22 silly audit   '@typescript-eslint/typescript-estree': [ '8.57.1' ],
22 silly audit   'balanced-match': [ '4.0.4', '1.0.2' ],
22 silly audit   'brace-expansion': [ '5.0.4', '1.1.12' ],
22 silly audit   minimatch: [ '10.2.4', '3.1.5' ],
22 silly audit   semver: [ '7.7.4', '6.3.1' ],
22 silly audit   '@typescript-eslint/utils': [ '8.57.1' ],
22 silly audit   '@typescript-eslint/visitor-keys': [ '8.57.1' ],
22 silly audit   '@ungap/structured-clone': [ '1.3.0' ],
22 silly audit   '@unrs/resolver-binding-android-arm-eabi': [ '1.11.1' ],
22 silly audit   '@unrs/resolver-binding-android-arm64': [ '1.11.1' ],
22 silly audit   '@unrs/resolver-binding-darwin-arm64': [ '1.11.1' ],
22 silly audit   '@unrs/resolver-binding-darwin-x64': [ '1.11.1' ],
22 silly audit   '@unrs/resolver-binding-freebsd-x64': [ '1.11.1' ],
22 silly audit   '@unrs/resolver-binding-linux-arm-gnueabihf': [ '1.11.1' ],
22 silly audit   '@unrs/resolver-binding-linux-arm-musleabihf': [ '1.11.1' ],
22 silly audit   '@unrs/resolver-binding-linux-arm64-gnu': [ '1.11.1' ],
22 silly audit   '@unrs/resolver-binding-linux-arm64-musl': [ '1.11.1' ],
22 silly audit   '@unrs/resolver-binding-linux-ppc64-gnu': [ '1.11.1' ],
22 silly audit   '@unrs/resolver-binding-linux-riscv64-gnu': [ '1.11.1' ],
22 silly audit   '@unrs/resolver-binding-linux-riscv64-musl': [ '1.11.1' ],
22 silly audit   '@unrs/resolver-binding-linux-s390x-gnu': [ '1.11.1' ],
22 silly audit   '@unrs/resolver-binding-linux-x64-gnu': [ '1.11.1' ],
22 silly audit   '@unrs/resolver-binding-linux-x64-musl': [ '1.11.1' ],
22 silly audit   '@unrs/resolver-binding-wasm32-wasi': [ '1.11.1' ],
22 silly audit   '@unrs/resolver-binding-win32-arm64-msvc': [ '1.11.1' ],
22 silly audit   '@unrs/resolver-binding-win32-ia32-msvc': [ '1.11.1' ],
22 silly audit   '@unrs/resolver-binding-win32-x64-msvc': [ '1.11.1' ],
22 silly audit   '@vitest/expect': [ '3.2.4' ],
22 silly audit   '@vitest/mocker': [ '3.2.4' ],
22 silly audit   '@vitest/pretty-format': [ '3.2.4' ],
22 silly audit   '@vitest/runner': [ '3.2.4' ],
22 silly audit   '@vitest/snapshot': [ '3.2.4' ],
22 silly audit   '@vitest/spy': [ '3.2.4' ],
22 silly audit   '@vitest/utils': [ '3.2.4' ],
22 silly audit   acorn: [ '8.16.0' ],
22 silly audit   'acorn-jsx': [ '5.3.2' ],
22 silly audit   ajv: [ '6.14.0' ],
22 silly audit   'ansi-styles': [ '4.3.0' ],
22 silly audit   argparse: [ '2.0.1', '1.0.10' ],
22 silly audit   'aria-query': [ '5.3.2' ],
22 silly audit   'array-buffer-byte-length': [ '1.0.2' ],
22 silly audit   'array-includes': [ '3.1.9' ],
22 silly audit   'array.prototype.findlast': [ '1.2.5' ],
22 silly audit   'array.prototype.findlastindex': [ '1.2.6' ],
22 silly audit   'array.prototype.flat': [ '1.3.3' ],
22 silly audit   'array.prototype.flatmap': [ '1.3.3' ],
22 silly audit   'array.prototype.tosorted': [ '1.1.4' ],
22 silly audit   'arraybuffer.prototype.slice': [ '1.0.4' ],
22 silly audit   'assertion-error': [ '2.0.1' ],
22 silly audit   'ast-types-flow': [ '0.0.8' ],
22 silly audit   astring: [ '1.9.0' ],
22 silly audit   'async-function': [ '1.0.0' ],
22 silly audit   'available-typed-arrays': [ '1.0.7' ],
22 silly audit   'axe-core': [ '4.11.1' ],
22 silly audit   'axobject-query': [ '4.1.0' ],
22 silly audit   bail: [ '2.0.2' ],
22 silly audit   'baseline-browser-mapping': [ '2.10.8' ],
22 silly audit   braces: [ '3.0.3' ],
22 silly audit   browserslist: [ '4.28.1' ],
22 silly audit   cac: [ '6.7.14' ],
22 silly audit   'call-bind': [ '1.0.8' ],
22 silly audit   'call-bind-apply-helpers': [ '1.0.2' ],
22 silly audit   'call-bound': [ '1.0.4' ],
22 silly audit   callsites: [ '3.1.0' ],
22 silly audit   'caniuse-lite': [ '1.0.30001780' ],
22 silly audit   ccount: [ '2.0.1' ],
22 silly audit   chai: [ '5.3.3' ],
22 silly audit   chalk: [ '4.1.2' ],
22 silly audit   'character-entities': [ '2.0.2' ],
22 silly audit   'character-entities-html4': [ '2.1.0' ],
22 silly audit   'character-entities-legacy': [ '3.0.0' ],
22 silly audit   'character-reference-invalid': [ '2.0.1' ],
22 silly audit   'check-error': [ '2.1.3' ],
22 silly audit   'client-only': [ '0.0.1' ],
22 silly audit   'collapse-white-space': [ '2.1.0' ],
22 silly audit   'color-convert': [ '2.0.1' ],
22 silly audit   'color-name': [ '1.1.4' ],
22 silly audit   'comma-separated-tokens': [ '2.0.3' ],
22 silly audit   'concat-map': [ '0.0.1' ],
22 silly audit   'convert-source-map': [ '2.0.0' ],
22 silly audit   'cross-spawn': [ '7.0.6' ],
22 silly audit   csstype: [ '3.2.3' ],
22 silly audit   'damerau-levenshtein': [ '1.0.8' ],
22 silly audit   'data-view-buffer': [ '1.0.2' ],
22 silly audit   'data-view-byte-length': [ '1.0.2' ],
22 silly audit   'data-view-byte-offset': [ '1.0.1' ],
22 silly audit   debug: [ '4.4.3', '3.2.7' ],
22 silly audit   'decode-named-character-reference': [ '1.3.0' ],
22 silly audit   'deep-eql': [ '5.0.2' ],
22 silly audit   'deep-is': [ '0.1.4' ],
22 silly audit   'define-data-property': [ '1.1.4' ],
22 silly audit   'define-properties': [ '1.2.1' ],
22 silly audit   dequal: [ '2.0.3' ],
22 silly audit   'detect-libc': [ '2.1.2' ],
22 silly audit   devlop: [ '1.1.0' ],
22 silly audit   doctrine: [ '2.1.0' ],
22 silly audit   'dunder-proto': [ '1.0.1' ],
22 silly audit   'electron-to-chromium': [ '1.5.313' ],
22 silly audit   'emoji-regex': [ '9.2.2' ],
22 silly audit   'enhanced-resolve': [ '5.20.1' ],
22 silly audit   'es-abstract': [ '1.24.1' ],
22 silly audit   'es-define-property': [ '1.0.1' ],
22 silly audit   'es-errors': [ '1.3.0' ],
22 silly audit   'es-iterator-helpers': [ '1.3.1' ],
22 silly audit   'es-module-lexer': [ '1.7.0' ],
22 silly audit   'es-object-atoms': [ '1.1.1' ],
22 silly audit   'es-set-tostringtag': [ '2.1.0' ],
22 silly audit   'es-shim-unscopables': [ '1.1.0' ],
22 silly audit   'es-to-primitive': [ '1.3.0' ],
22 silly audit   'esast-util-from-estree': [ '2.0.0' ],
22 silly audit   'esast-util-from-js': [ '2.0.1' ],
22 silly audit   esbuild: [ '0.27.4' ],
22 silly audit   escalade: [ '3.2.0' ],
22 silly audit   'escape-string-regexp': [ '4.0.0', '5.0.0' ],
22 silly audit   eslint: [ '9.39.4' ],
22 silly audit   'eslint-config-next': [ '16.1.7' ],
22 silly audit   globals: [ '16.4.0', '14.0.0' ],
22 silly audit   'eslint-import-resolver-node': [ '0.3.9' ],
22 silly audit   'eslint-import-resolver-typescript': [ '3.10.1' ],
22 silly audit   'eslint-module-utils': [ '2.12.1' ],
22 silly audit   'eslint-plugin-import': [ '2.32.0' ],
22 silly audit   'eslint-plugin-jsx-a11y': [ '6.10.2' ],
22 silly audit   'eslint-plugin-react': [ '7.37.5' ],
22 silly audit   'eslint-plugin-react-hooks': [ '7.0.1' ],
22 silly audit   resolve: [ '2.0.0-next.6', '1.22.11' ],
22 silly audit   'eslint-scope': [ '8.4.0' ],
22 silly audit   espree: [ '10.4.0' ],
22 silly audit   esprima: [ '4.0.1' ],
22 silly audit   esquery: [ '1.7.0' ],
22 silly audit   esrecurse: [ '4.3.0' ],
22 silly audit   estraverse: [ '5.3.0' ],
22 silly audit   'estree-util-attach-comments': [ '3.0.0' ],
22 silly audit   'estree-util-build-jsx': [ '3.0.1' ],
22 silly audit   'estree-util-is-identifier-name': [ '3.0.0' ],
22 silly audit   'estree-util-scope': [ '1.0.0' ],
22 silly audit   'estree-util-to-js': [ '2.0.0' ],
22 silly audit   'estree-util-visit': [ '2.0.0' ],
22 silly audit   'estree-walker': [ '3.0.3' ],
22 silly audit   esutils: [ '2.0.3' ],
22 silly audit   'expect-type': [ '1.3.0' ],
22 silly audit   extend: [ '3.0.2' ],
22 silly audit   'extend-shallow': [ '2.0.1' ],
22 silly audit   'fast-deep-equal': [ '3.1.3' ],
22 silly audit   'fast-glob': [ '3.3.1' ],
22 silly audit   'glob-parent': [ '5.1.2', '6.0.2' ],
22 silly audit   'fast-json-stable-stringify': [ '2.1.0' ],
22 silly audit   'fast-levenshtein': [ '2.0.6' ],
22 silly audit   fastq: [ '1.20.1' ],
22 silly audit   'file-entry-cache': [ '8.0.0' ],
22 silly audit   'fill-range': [ '7.1.1' ],
22 silly audit   'find-up': [ '5.0.0' ],
22 silly audit   'flat-cache': [ '4.0.1' ],
22 silly audit   flatted: [ '3.4.2' ],
22 silly audit   'for-each': [ '0.3.5' ],
22 silly audit   fsevents: [ '2.3.3' ],
22 silly audit   'function-bind': [ '1.1.2' ],
22 silly audit   'function.prototype.name': [ '1.1.8' ],
22 silly audit   'functions-have-names': [ '1.2.3' ],
22 silly audit   'generator-function': [ '2.0.1' ],
22 silly audit   gensync: [ '1.0.0-beta.2' ],
22 silly audit   'get-intrinsic': [ '1.3.0' ],
22 silly audit   'get-proto': [ '1.0.1' ],
22 silly audit   'get-symbol-description': [ '1.1.0' ],
22 silly audit   'get-tsconfig': [ '4.13.6' ],
22 silly audit   globalthis: [ '1.0.4' ],
22 silly audit   gopd: [ '1.2.0' ],
22 silly audit   'graceful-fs': [ '4.2.11' ],
22 silly audit   'gray-matter': [ '4.0.3' ],
22 silly audit   'js-yaml': [ '3.14.2', '4.1.1' ],
22 silly audit   'has-bigints': [ '1.1.0' ],
22 silly audit   'has-flag': [ '4.0.0' ],
22 silly audit   'has-property-descriptors': [ '1.0.2' ],
22 silly audit   'has-proto': [ '1.2.0' ],
22 silly audit   'has-symbols': [ '1.1.0' ],
22 silly audit   'has-tostringtag': [ '1.0.2' ],
22 silly audit   hasown: [ '2.0.2' ],
22 silly audit   'hast-util-sanitize': [ '5.0.2' ],
22 silly audit   'hast-util-to-estree': [ '3.1.3' ],
22 silly audit   'hast-util-to-jsx-runtime': [ '2.3.6' ],
22 silly audit   'hast-util-whitespace': [ '3.0.0' ],
22 silly audit   'hermes-estree': [ '0.25.1' ],
22 silly audit   'hermes-parser': [ '0.25.1' ],
22 silly audit   'import-fresh': [ '3.3.1' ],
22 silly audit   imurmurhash: [ '0.1.4' ],
22 silly audit   'inline-style-parser': [ '0.2.7' ],
22 silly audit   'internal-slot': [ '1.1.0' ],
22 silly audit   'is-alphabetical': [ '2.0.1' ],
22 silly audit   'is-alphanumerical': [ '2.0.1' ],
22 silly audit   'is-array-buffer': [ '3.0.5' ],
22 silly audit   'is-async-function': [ '2.1.1' ],
22 silly audit   'is-bigint': [ '1.1.0' ],
22 silly audit   'is-boolean-object': [ '1.2.2' ],
22 silly audit   'is-bun-module': [ '2.0.0' ],
22 silly audit   'is-callable': [ '1.2.7' ],
22 silly audit   'is-core-module': [ '2.16.1' ],
22 silly audit   'is-data-view': [ '1.0.2' ],
22 silly audit   'is-date-object': [ '1.1.0' ],
22 silly audit   'is-decimal': [ '2.0.1' ],
22 silly audit   'is-extendable': [ '0.1.1' ],
22 silly audit   'is-extglob': [ '2.1.1' ],
22 silly audit   'is-finalizationregistry': [ '1.1.1' ],
22 silly audit   'is-generator-function': [ '1.1.2' ],
22 silly audit   'is-glob': [ '4.0.3' ],
22 silly audit   'is-hexadecimal': [ '2.0.1' ],
22 silly audit   'is-map': [ '2.0.3' ],
22 silly audit   'is-negative-zero': [ '2.0.3' ],
22 silly audit   'is-number': [ '7.0.0' ],
22 silly audit   'is-number-object': [ '1.1.1' ],
22 silly audit   'is-plain-obj': [ '4.1.0' ],
22 silly audit   'is-regex': [ '1.2.1' ],
22 silly audit   'is-set': [ '2.0.3' ],
22 silly audit   'is-shared-array-buffer': [ '1.0.4' ],
22 silly audit   'is-string': [ '1.1.1' ],
22 silly audit   'is-symbol': [ '1.1.1' ],
22 silly audit   'is-typed-array': [ '1.1.15' ],
22 silly audit   'is-weakmap': [ '2.0.2' ],
22 silly audit   'is-weakref': [ '1.1.1' ],
22 silly audit   'is-weakset': [ '2.0.4' ],
22 silly audit   isarray: [ '2.0.5' ],
22 silly audit   isexe: [ '2.0.0' ],
22 silly audit   'iterator.prototype': [ '1.1.5' ],
22 silly audit   jiti: [ '2.6.1' ],
22 silly audit   'js-tokens': [ '4.0.0', '9.0.1' ],
22 silly audit   jsesc: [ '3.1.0' ],
22 silly audit   'json-buffer': [ '3.0.1' ],
22 silly audit   'json-schema-traverse': [ '0.4.1' ],
22 silly audit   'json-stable-stringify-without-jsonify': [ '1.0.1' ],
22 silly audit   json5: [ '2.2.3', '1.0.2' ],
22 silly audit   'jsx-ast-utils': [ '3.3.5' ],
22 silly audit   keyv: [ '4.5.4' ],
22 silly audit   'kind-of': [ '6.0.3' ],
22 silly audit   'language-subtag-registry': [ '0.3.23' ],
22 silly audit   'language-tags': [ '1.0.9' ],
22 silly audit   levn: [ '0.4.1' ],
22 silly audit   lightningcss: [ '1.31.1' ],
22 silly audit   'lightningcss-android-arm64': [ '1.31.1' ],
22 silly audit   'lightningcss-darwin-arm64': [ '1.31.1' ],
22 silly audit   'lightningcss-darwin-x64': [ '1.31.1' ],
22 silly audit   'lightningcss-freebsd-x64': [ '1.31.1' ],
22 silly audit   'lightningcss-linux-arm-gnueabihf': [ '1.31.1' ],
22 silly audit   'lightningcss-linux-arm64-gnu': [ '1.31.1' ],
22 silly audit   'lightningcss-linux-arm64-musl': [ '1.31.1' ],
22 silly audit   'lightningcss-linux-x64-gnu': [ '1.31.1' ],
22 silly audit   'lightningcss-linux-x64-musl': [ '1.31.1' ],
22 silly audit   'lightningcss-win32-arm64-msvc': [ '1.31.1' ],
22 silly audit   'lightningcss-win32-x64-msvc': [ '1.31.1' ],
22 silly audit   'locate-path': [ '6.0.0' ],
22 silly audit   'lodash.merge': [ '4.6.2' ],
22 silly audit   'longest-streak': [ '3.1.0' ],
22 silly audit   'loose-envify': [ '1.4.0' ],
22 silly audit   loupe: [ '3.2.1' ],
22 silly audit   'lru-cache': [ '5.1.1' ],
22 silly audit   'magic-string': [ '0.30.21' ],
22 silly audit   'markdown-extensions': [ '2.0.0' ],
22 silly audit   'markdown-table': [ '3.0.4' ],
22 silly audit   'math-intrinsics': [ '1.1.0' ],
22 silly audit   'mdast-util-find-and-replace': [ '3.0.2' ],
22 silly audit   'mdast-util-from-markdown': [ '2.0.3' ],
22 silly audit   'mdast-util-gfm': [ '3.1.0' ],
22 silly audit   'mdast-util-gfm-autolink-literal': [ '2.0.1' ],
22 silly audit   'mdast-util-gfm-footnote': [ '2.1.0' ],
22 silly audit   'mdast-util-gfm-strikethrough': [ '2.0.0' ],
22 silly audit   'mdast-util-gfm-table': [ '2.0.0' ],
22 silly audit   'mdast-util-gfm-task-list-item': [ '2.0.0' ],
22 silly audit   'mdast-util-mdx': [ '3.0.0' ],
22 silly audit   'mdast-util-mdx-expression': [ '2.0.1' ],
22 silly audit   'mdast-util-mdx-jsx': [ '3.2.0' ],
22 silly audit   'mdast-util-mdxjs-esm': [ '2.0.1' ],
22 silly audit   'mdast-util-phrasing': [ '4.1.0' ],
22 silly audit   'mdast-util-to-hast': [ '13.2.1' ],
22 silly audit   'mdast-util-to-markdown': [ '2.1.2' ],
22 silly audit   'mdast-util-to-string': [ '4.0.0' ],
22 silly audit   merge2: [ '1.4.1' ],
22 silly audit   micromark: [ '4.0.2' ],
22 silly audit   'micromark-core-commonmark': [ '2.0.3' ],
22 silly audit   'micromark-extension-gfm': [ '3.0.0' ],
22 silly audit   'micromark-extension-gfm-autolink-literal': [ '2.1.0' ],
22 silly audit   'micromark-extension-gfm-footnote': [ '2.1.0' ],
22 silly audit   'micromark-extension-gfm-strikethrough': [ '2.1.0' ],
22 silly audit   'micromark-extension-gfm-table': [ '2.1.1' ],
22 silly audit   'micromark-extension-gfm-tagfilter': [ '2.0.0' ],
22 silly audit   'micromark-extension-gfm-task-list-item': [ '2.1.0' ],
22 silly audit   'micromark-extension-mdx-expression': [ '3.0.1' ],
22 silly audit   'micromark-extension-mdx-jsx': [ '3.0.2' ],
22 silly audit   'micromark-extension-mdx-md': [ '2.0.0' ],
22 silly audit   'micromark-extension-mdxjs': [ '3.0.0' ],
22 silly audit   'micromark-extension-mdxjs-esm': [ '3.0.0' ],
22 silly audit   'micromark-factory-destination': [ '2.0.1' ],
22 silly audit   'micromark-factory-label': [ '2.0.1' ],
22 silly audit   'micromark-factory-mdx-expression': [ '2.0.3' ],
22 silly audit   'micromark-factory-space': [ '2.0.1' ],
22 silly audit   'micromark-factory-title': [ '2.0.1' ],
22 silly audit   'micromark-factory-whitespace': [ '2.0.1' ],
22 silly audit   'micromark-util-character': [ '2.1.1' ],
22 silly audit   'micromark-util-chunked': [ '2.0.1' ],
22 silly audit   'micromark-util-classify-character': [ '2.0.1' ],
22 silly audit   'micromark-util-combine-extensions': [ '2.0.1' ],
22 silly audit   'micromark-util-decode-numeric-character-reference': [ '2.0.2' ],
22 silly audit   'micromark-util-decode-string': [ '2.0.1' ],
22 silly audit   'micromark-util-encode': [ '2.0.1' ],
22 silly audit   'micromark-util-events-to-acorn': [ '2.0.3' ],
22 silly audit   'micromark-util-html-tag-name': [ '2.0.1' ],
22 silly audit   'micromark-util-normalize-identifier': [ '2.0.1' ],
22 silly audit   'micromark-util-resolve-all': [ '2.0.1' ],
22 silly audit   'micromark-util-sanitize-uri': [ '2.0.1' ],
22 silly audit   'micromark-util-subtokenize': [ '2.1.0' ],
22 silly audit   'micromark-util-symbol': [ '2.0.1' ],
22 silly audit   'micromark-util-types': [ '2.0.2' ],
22 silly audit   micromatch: [ '4.0.8' ],
22 silly audit   minimist: [ '1.2.8' ],
22 silly audit   ms: [ '2.1.3' ],
22 silly audit   nanoid: [ '3.3.11' ],
22 silly audit   'napi-postinstall': [ '0.3.4' ],
22 silly audit   'natural-compare': [ '1.4.0' ],
22 silly audit   next: [ '16.1.7' ],
22 silly audit   'next-mdx-remote': [ '6.0.0' ],
22 silly audit   postcss: [ '8.4.31', '8.5.8' ],
22 silly audit   'node-exports-info': [ '1.6.0' ],
22 silly audit   'node-releases': [ '2.0.36' ],
22 silly audit   'object-assign': [ '4.1.1' ],
22 silly audit   'object-inspect': [ '1.13.4' ],
22 silly audit   'object-keys': [ '1.1.1' ],
22 silly audit   'object.assign': [ '4.1.7' ],
22 silly audit   'object.entries': [ '1.1.9' ],
22 silly audit   'object.fromentries': [ '2.0.8' ],
22 silly audit   'object.groupby': [ '1.0.3' ],
22 silly audit   'object.values': [ '1.2.1' ],
22 silly audit   optionator: [ '0.9.4' ],
22 silly audit   'own-keys': [ '1.0.1' ],
22 silly audit   'p-limit': [ '3.1.0' ],
22 silly audit   'p-locate': [ '5.0.0' ],
22 silly audit   'parent-module': [ '1.0.1' ],
22 silly audit   'parse-entities': [ '4.0.2' ],
22 silly audit   'path-exists': [ '4.0.0' ],
22 silly audit   'path-key': [ '3.1.1' ],
22 silly audit   'path-parse': [ '1.0.7' ],
22 silly audit   pathe: [ '2.0.3' ],
22 silly audit   pathval: [ '2.0.1' ],
22 silly audit   picocolors: [ '1.1.1' ],
22 silly audit   picomatch: [ '2.3.1', '4.0.3' ],
22 silly audit   'possible-typed-array-names': [ '1.1.0' ],
22 silly audit   'prelude-ls': [ '1.2.1' ],
22 silly audit   'prop-types': [ '15.8.1' ],
22 silly audit   'property-information': [ '7.1.0' ],
22 silly audit   punycode: [ '2.3.1' ],
22 silly audit   'queue-microtask': [ '1.2.3' ],
22 silly audit   react: [ '19.2.3' ],
22 silly audit   'react-dom': [ '19.2.3' ],
22 silly audit   'react-is': [ '16.13.1' ],
22 silly audit   'reading-time': [ '1.5.0' ],
22 silly audit   'recma-build-jsx': [ '1.0.0' ],
22 silly audit   'recma-jsx': [ '1.0.1' ],
22 silly audit   'recma-parse': [ '1.0.0' ],
22 silly audit   'recma-stringify': [ '1.0.0' ],
22 silly audit   'reflect.getprototypeof': [ '1.0.10' ],
22 silly audit   'regexp.prototype.flags': [ '1.5.4' ],
22 silly audit   'rehype-recma': [ '1.0.0' ],
22 silly audit   'rehype-sanitize': [ '6.0.0' ],
22 silly audit   'remark-gfm': [ '4.0.1' ],
22 silly audit   'remark-mdx': [ '3.1.1' ],
22 silly audit   'remark-parse': [ '11.0.0' ],
22 silly audit   'remark-rehype': [ '11.1.2' ],
22 silly audit   'remark-stringify': [ '11.0.0' ],
22 silly audit   'resolve-from': [ '4.0.0' ],
22 silly audit   'resolve-pkg-maps': [ '1.0.0' ],
22 silly audit   reusify: [ '1.1.0' ],
22 silly audit   rollup: [ '4.59.1' ],
22 silly audit   'run-parallel': [ '1.2.0' ],
22 silly audit   'safe-array-concat': [ '1.1.3' ],
22 silly audit   'safe-push-apply': [ '1.0.0' ],
22 silly audit   'safe-regex-test': [ '1.1.0' ],
22 silly audit   scheduler: [ '0.27.0' ],
22 silly audit   'section-matter': [ '1.0.0' ],
22 silly audit   'set-function-length': [ '1.2.2' ],
22 silly audit   'set-function-name': [ '2.0.2' ],
22 silly audit   'set-proto': [ '1.0.0' ],
22 silly audit   sharp: [ '0.34.5' ],
22 silly audit   'shebang-command': [ '2.0.0' ],
22 silly audit   'shebang-regex': [ '3.0.0' ],
22 silly audit   'side-channel': [ '1.1.0' ],
22 silly audit   'side-channel-list': [ '1.0.0' ],
22 silly audit   'side-channel-map': [ '1.0.1' ],
22 silly audit   'side-channel-weakmap': [ '1.0.2' ],
22 silly audit   siginfo: [ '2.0.0' ],
22 silly audit   'source-map': [ '0.7.6' ],
22 silly audit   'source-map-js': [ '1.2.1' ],
22 silly audit   'space-separated-tokens': [ '2.0.2' ],
22 silly audit   'sprintf-js': [ '1.0.3' ],
22 silly audit   'stable-hash': [ '0.0.5' ],
22 silly audit   stackback: [ '0.0.2' ],
22 silly audit   'std-env': [ '3.10.0' ],
22 silly audit   'stop-iteration-iterator': [ '1.1.0' ],
22 silly audit   'string.prototype.includes': [ '2.0.1' ],
22 silly audit   'string.prototype.matchall': [ '4.0.12' ],
22 silly audit   'string.prototype.repeat': [ '1.0.0' ],
22 silly audit   'string.prototype.trim': [ '1.2.10' ],
22 silly audit   'string.prototype.trimend': [ '1.0.9' ],
22 silly audit   'string.prototype.trimstart': [ '1.0.8' ],
22 silly audit   'stringify-entities': [ '4.0.4' ],
22 silly audit   'strip-bom': [ '3.0.0' ],
22 silly audit   'strip-bom-string': [ '1.0.0' ],
22 silly audit   'strip-json-comments': [ '3.1.1' ],
22 silly audit   'strip-literal': [ '3.1.0' ],
22 silly audit   'style-to-js': [ '1.1.21' ],
22 silly audit   'style-to-object': [ '1.0.14' ],
22 silly audit   'styled-jsx': [ '5.1.6' ],
22 silly audit   'supports-color': [ '7.2.0' ],
22 silly audit   'supports-preserve-symlinks-flag': [ '1.0.0' ],
22 silly audit   tailwindcss: [ '4.2.1' ],
22 silly audit   tapable: [ '2.3.0' ],
22 silly audit   tinybench: [ '2.9.0' ],
22 silly audit   tinyexec: [ '0.3.2' ],
22 silly audit   tinyglobby: [ '0.2.15' ],
22 silly audit   fdir: [ '6.5.0' ],
22 silly audit   tinypool: [ '1.1.1' ],
22 silly audit   tinyrainbow: [ '2.0.0' ],
22 silly audit   tinyspy: [ '4.0.4' ],
22 silly audit   'to-regex-range': [ '5.0.1' ],
22 silly audit   'trim-lines': [ '3.0.1' ],
22 silly audit   trough: [ '2.2.0' ],
22 silly audit   'ts-api-utils': [ '2.4.0' ],
22 silly audit   'tsconfig-paths': [ '3.15.0' ],
22 silly audit   tslib: [ '2.8.1' ],
22 silly audit   'type-check': [ '0.4.0' ],
22 silly audit   'typed-array-buffer': [ '1.0.3' ],
22 silly audit   'typed-array-byte-length': [ '1.0.3' ],
22 silly audit   'typed-array-byte-offset': [ '1.0.4' ],
22 silly audit   'typed-array-length': [ '1.0.7' ],
22 silly audit   typescript: [ '5.9.3' ],
22 silly audit   'typescript-eslint': [ '8.57.1' ],
22 silly audit   'unbox-primitive': [ '1.1.0' ],
22 silly audit   'undici-types': [ '6.21.0' ],
22 silly audit   unified: [ '11.0.5' ],
22 silly audit   'unist-util-is': [ '6.0.1' ],
22 silly audit   'unist-util-position': [ '5.0.0' ],
22 silly audit   'unist-util-position-from-estree': [ '2.0.0' ],
22 silly audit   'unist-util-remove': [ '4.0.0' ],
22 silly audit   'unist-util-stringify-position': [ '4.0.0' ],
22 silly audit   'unist-util-visit': [ '5.1.0' ],
22 silly audit   'unist-util-visit-parents': [ '6.0.2' ],
22 silly audit   'unrs-resolver': [ '1.11.1' ],
22 silly audit   'update-browserslist-db': [ '1.2.3' ],
22 silly audit   'uri-js': [ '4.4.1' ],
22 silly audit   vfile: [ '6.0.3' ],
22 silly audit   'vfile-matter': [ '5.0.1' ],
22 silly audit   'vfile-message': [ '4.0.3' ],
22 silly audit   vite: [ '7.3.1' ],
22 silly audit   'vite-node': [ '3.2.4' ],
22 silly audit   vitest: [ '3.2.4' ],
22 silly audit   which: [ '2.0.2' ],
22 silly audit   'which-boxed-primitive': [ '1.1.1' ],
22 silly audit   'which-builtin-type': [ '1.2.1' ],
22 silly audit   'which-collection': [ '1.0.2' ],
22 silly audit   'which-typed-array': [ '1.1.20' ],
22 silly audit   'why-is-node-running': [ '2.3.0' ],
22 silly audit   'word-wrap': [ '1.2.5' ],
22 silly audit   yallist: [ '3.1.1' ],
22 silly audit   'yocto-queue': [ '0.1.0' ],
22 silly audit   zod: [ '4.3.6' ],
22 silly audit   'zod-validation-error': [ '4.0.2' ],
22 silly audit   zwitch: [ '2.0.4' ],
22 silly audit   yaml: [ '2.8.3' ]
22 silly audit }
23 http cache yaml@https://registry.npmjs.org/yaml/-/yaml-2.8.3.tgz 0ms (cache hit)
24 silly tarball no local data for yaml@https://registry.npmjs.org/yaml/-/yaml-2.8.3.tgz. Extracting by manifest.
25 http fetch GET 200 https://registry.npmjs.org/yaml/-/yaml-2.8.3.tgz 156ms (cache miss)
26 http fetch POST 200 https://registry.npmjs.org/-/npm/v1/security/advisories/bulk 582ms
27 silly audit report {
27 silly audit report   'brace-expansion': [
27 silly audit report     {
27 silly audit report       id: 1115540,
27 silly audit report       url: 'https://github.com/advisories/GHSA-f886-m6hf-6m8v',
27 silly audit report       title: 'brace-expansion: Zero-step sequence causes process hang and memory exhaustion',
27 silly audit report       severity: 'moderate',
27 silly audit report       vulnerable_versions: '<1.1.13',
27 silly audit report       cwe: [Array],
27 silly audit report       cvss: [Object]
27 silly audit report     },
27 silly audit report     {
27 silly audit report       id: 1115543,
27 silly audit report       url: 'https://github.com/advisories/GHSA-f886-m6hf-6m8v',
27 silly audit report       title: 'brace-expansion: Zero-step sequence causes process hang and memory exhaustion',
27 silly audit report       severity: 'moderate',
27 silly audit report       vulnerable_versions: '>=4.0.0 <5.0.5',
27 silly audit report       cwe: [Array],
27 silly audit report       cvss: [Object]
27 silly audit report     }
27 silly audit report   ],
27 silly audit report   picomatch: [
27 silly audit report     {
27 silly audit report       id: 1115549,
27 silly audit report       url: 'https://github.com/advisories/GHSA-3v7f-55p6-f55p',
27 silly audit report       title: 'Picomatch: Method Injection in POSIX Character Classes causes incorrect Glob Matching',
27 silly audit report       severity: 'moderate',
27 silly audit report       vulnerable_versions: '<2.3.2',
27 silly audit report       cwe: [Array],
27 silly audit report       cvss: [Object]
27 silly audit report     },
27 silly audit report     {
27 silly audit report       id: 1115551,
27 silly audit report       url: 'https://github.com/advisories/GHSA-3v7f-55p6-f55p',
27 silly audit report       title: 'Picomatch: Method Injection in POSIX Character Classes causes incorrect Glob Matching',
27 silly audit report       severity: 'moderate',
27 silly audit report       vulnerable_versions: '>=4.0.0 <4.0.4',
27 silly audit report       cwe: [Array],
27 silly audit report       cvss: [Object]
27 silly audit report     },
27 silly audit report     {
27 silly audit report       id: 1115552,
27 silly audit report       url: 'https://github.com/advisories/GHSA-c2c7-rcm5-vvqj',
27 silly audit report       title: 'Picomatch has a ReDoS vulnerability via extglob quantifiers',
27 silly audit report       severity: 'high',
27 silly audit report       vulnerable_versions: '<2.3.2',
27 silly audit report       cwe: [Array],
27 silly audit report       cvss: [Object]
27 silly audit report     },
27 silly audit report     {
27 silly audit report       id: 1115554,
27 silly audit report       url: 'https://github.com/advisories/GHSA-c2c7-rcm5-vvqj',
27 silly audit report       title: 'Picomatch has a ReDoS vulnerability via extglob quantifiers',
27 silly audit report       severity: 'high',
27 silly audit report       vulnerable_versions: '>=4.0.0 <4.0.4',
27 silly audit report       cwe: [Array],
27 silly audit report       cvss: [Object]
27 silly audit report     }
27 silly audit report   ]
27 silly audit report }
28 silly packumentCache corgi:https://registry.npmjs.org/brace-expansion cache-miss
29 silly packumentCache corgi:https://registry.npmjs.org/picomatch cache-miss
30 http fetch GET 200 https://registry.npmjs.org/brace-expansion 59ms (cache miss)
31 silly packumentCache corgi:https://registry.npmjs.org/brace-expansion set size:undefined disposed:false
32 http fetch GET 200 https://registry.npmjs.org/picomatch 61ms (cache miss)
33 silly packumentCache corgi:https://registry.npmjs.org/picomatch set size:undefined disposed:false
34 silly packumentCache corgi:https://registry.npmjs.org/minimatch cache-miss
35 http fetch GET 200 https://registry.npmjs.org/minimatch 54ms (cache miss)
36 silly packumentCache corgi:https://registry.npmjs.org/minimatch set size:undefined disposed:false
37 silly packumentCache corgi:https://registry.npmjs.org/micromatch cache-miss
38 http fetch GET 200 https://registry.npmjs.org/micromatch 41ms (cache miss)
39 silly packumentCache corgi:https://registry.npmjs.org/micromatch set size:undefined disposed:false
40 silly packumentCache corgi:https://registry.npmjs.org/tinyglobby cache-miss
41 silly packumentCache corgi:https://registry.npmjs.org/fdir cache-miss
42 silly packumentCache corgi:https://registry.npmjs.org/vite cache-miss
43 silly packumentCache corgi:https://registry.npmjs.org/vitest cache-miss
44 http cache https://registry.npmjs.org/vite 8ms (cache hit)
45 silly packumentCache corgi:https://registry.npmjs.org/vite set size:2208349 disposed:false
46 http fetch GET 200 https://registry.npmjs.org/tinyglobby 53ms (cache miss)
47 silly packumentCache corgi:https://registry.npmjs.org/tinyglobby set size:undefined disposed:false
48 http fetch GET 200 https://registry.npmjs.org/fdir 54ms (cache miss)
49 silly packumentCache corgi:https://registry.npmjs.org/fdir set size:undefined disposed:false
50 http fetch GET 200 https://registry.npmjs.org/vitest 220ms (cache miss)
51 silly packumentCache corgi:https://registry.npmjs.org/vitest set size:undefined disposed:false
52 silly CHANGE node_modules/yaml
53 verbose cwd /Users/josephstewart/Documents/JLPolicyConsulting
54 verbose os Darwin 25.4.0
55 verbose node v25.8.1
56 verbose npm  v11.11.0
57 verbose exit 0
58 info ok
